// Jest Snapshot v1, https://goo.gl/fbAQLP

exports[`should match a stock file 1`] = `
Object {
  "areas": Object {
    "arguments": Array [
      "job",
    ],
    "export": "{
  fetch_stock
}",
    "fetch_fn": "fetch_stock",
    "fetch_functions": Array [
      "let response = await fetch('<redacted though it is still in the git history fuck>');",
      "let diamonds = await response.json();",
    ],
    "flow_functions": Array [
      Object {
        "iterate_fn": "first_is_headers",
      },
      Object {
        "func": "x => x.Lab === 'GIA'",
      },
      Object {
        "func": "diamond => {
  let cert_number = diamond['Certificate Number'];
  let image_url = (diamond['IMG'] || '').includes('viewimg') ? \`<Also redacted but again fuck>\` : diamond['IMG'];
  return {
    certificate_number: diamond['Certificate Number'],
    carats: Number(diamond['Carats']),
    supplier_name: '<hehehe>',
    // TODO Check this
    supplier_stockId: diamond['Reference Number'],
    price: Number(diamond['Net Amount $$']),
    discount: Number(diamond['Discount %%']),
    image: image_url,
    v360: diamond['Video']
  };
}",
      },
    ],
    "import_functions": Array [
      Object {
        "exp": "require('./utils/iterate')",
        "id": "iterate",
      },
      Object {
        "exp": "require('lodash')",
        "id": "{
  flow
}",
      },
    ],
    "rows_variable": "diamonds",
  },
}
`;
